src/controllers/activeSubstance.controller.ts(71,17): error TS2353: Object literal may only specify known properties, and 'interactions' does not exist in type 'ActiveSubstanceInclude<DefaultArgs>'.
src/controllers/activeSubstance.controller.ts(212,23): error TS2353: Object literal may only specify known properties, and 'activeSubstanceId' does not exist in type 'DrugInteractionAlertWhereInput'.
src/controllers/activeSubstance.controller.ts(213,23): error TS2353: Object literal may only specify known properties, and 'interactsWithId' does not exist in type 'DrugInteractionAlertWhereInput'.
src/controllers/activeSubstance.controller.ts(217,17): error TS2353: Object literal may only specify known properties, and 'activeSubstance' does not exist in type 'DrugInteractionAlertInclude<DefaultArgs>'.
src/controllers/company.controller.ts(60,25): error TS2353: Object literal may only specify known properties, and 'activeSubstances' does not exist in type 'CompanyCountOutputTypeSelect<DefaultArgs>'.
src/controllers/company.controller.ts(105,29): error TS2353: Object literal may only specify known properties, and 'activeSubstances' does not exist in type 'CompanyCountOutputTypeSelect<DefaultArgs>'.
src/controllers/disease.controller.ts(30,13): error TS2322: Type '{ name: string; icdCode?: string | undefined; description?: string | undefined; category?: string | undefined; }' is not assignable to type '(Without<DiseaseCreateInput, DiseaseUncheckedCreateInput> & DiseaseUncheckedCreateInput) | (Without<...> & DiseaseCreateInput)'.
  Type '{ name: string; icdCode?: string | undefined; description?: string | undefined; category?: string | undefined; }' is not assignable to type 'Without<DiseaseUncheckedCreateInput, DiseaseCreateInput> & DiseaseCreateInput'.
    Property 'severity' is missing in type '{ name: string; icdCode?: string | undefined; description?: string | undefined; category?: string | undefined; }' but required in type 'DiseaseCreateInput'.
src/controllers/disease.controller.ts(64,25): error TS2353: Object literal may only specify known properties, and 'familyHistories' does not exist in type 'DiseaseCountOutputTypeSelect<DefaultArgs>'.
